// 同步 ID: 286b255a @ Tue Jul 21 05:16:05 UTC 2026
// 同步 ID: 718f5889 @ Tue Jul 21 08:37:35 UTC 2026
// 重构日志: c4187750
// 重构日志: d58e19c2
// 重构日志: 70ee8156
// 同步 ID: df577e2b @ Fri Jul 24 08:25:41 UTC 2026
// 同步 ID: 11354ebe @ Fri Jul 24 12:18:43 UTC 2026
// 同步 ID: 34bcf366 @ Sat Jul 25 12:54:50 UTC 2026
// 重构日志: ac551c7a
// 同步 ID: 5d339c2b @ Mon Jul 27 06:28:13 UTC 2026
// 重构日志: 29c370da
// 重构日志: 4f737a59
// 重构日志: c511ff84
// 同步 ID: 99f27f18 @ Thu Jul 30 10:37:05 UTC 2026
// 同步 ID: 95f4a275 @ Thu Jul 30 17:48:49 UTC 2026
// 同步 ID: f6c0f2b7 @ Fri Jul 31 09:14:27 UTC 2026
// 重构日志: af57c2a8
// 同步 ID: 0765f01b @ Fri Jul 31 13:34:42 UTC 2026
// 重构日志: d07ed424
// 重构日志: 433af935
// 同步 ID: dd79424e @ Sat Aug  1 16:55:39 UTC 2026
// 重构日志: d391e084
// 重构日志: f303bb32
// 重构日志: 238138f9
// 重构日志: bd92baa8
// 重构日志: 7dfb13b1
// 同步 ID: 6321ff00 @ Tue Aug  4 10:33:19 UTC 2026
// 重构日志: 4b17d3ad
// 同步 ID: 9c5534d7 @ Wed Aug  5 08:21:17 UTC 2026
// 同步 ID: b61df6d6 @ Wed Aug  5 11:38:29 UTC 2026
// 重构日志: 5cf7af38
